[   3.6s] playing
[  15.1s] calibrated
monitor: simulated_headphones was at 100 %, lowering it to 30 % before opening
[  20.7s] state ready
[  24.5s] pc1920-light escuchar done
[  27.7s] pc1920-light cadena done
[  30.0s] pc1920-light parlantes done
[  32.2s] pc1920-light calibrar done
[  34.6s] pc1920-light diagnostico done
[  36.9s] pc1920-light ajustes done
[  43.4s] pc1920-dark escuchar done
[  46.3s] pc1920-dark cadena done
[  48.7s] pc1920-dark parlantes done
[  51.0s] pc1920-dark calibrar done
[  53.5s] pc1920-dark diagnostico done
[  55.8s] pc1920-dark ajustes done
[  58.6s] phone390-light escuchar done
[  61.1s] phone390-light cadena done
[  63.3s] phone390-light parlantes done
[  65.5s] phone390-light calibrar done
[  67.8s] phone390-light diagnostico done
[  70.1s] phone390-light ajustes done
[  76.5s] phone390-dark escuchar done
[  79.1s] phone390-dark cadena done
[  81.4s] phone390-dark parlantes done
[  83.6s] phone390-dark calibrar done
[  86.0s] phone390-dark diagnostico done
[  88.3s] phone390-dark ajustes done
[  88.8s] service stopped
